// Vitest Snapshot v1, https://vitest.dev/guide/snapshot.html

exports[`CssReset component > Should render 1`] = `<div />`;
